../USB_DEVICE/App/usbd_cdc_if.c:210:15:CDC_Init	8	static
../USB_DEVICE/App/usbd_cdc_if.c:224:15:CDC_DeInit	4	static
../USB_DEVICE/App/usbd_cdc_if.c:238:15:CDC_Control	16	static
../USB_DEVICE/App/usbd_cdc_if.c:329:15:CDC_Receive	24	static,ignoring_inline_asm
../USB_DEVICE/App/usbd_cdc_if.c:359:9:CDC_Transmit	24	static
../USB_DEVICE/App/usbd_cdc_if.c:395:9:CDC_TransmitTimed	40	static
../USB_DEVICE/App/usbd_cdc_if.c:437:15:CDC_TransmitCplt	32	static,ignoring_inline_asm
../USB_DEVICE/App/usbd_cdc_if.c:462:6:CDC_ResumeTransmit	16	static
../USB_DEVICE/App/usbd_cdc_if.c:485:10:CDC_TXQueue_GetReadAvailable	4	static,ignoring_inline_asm
../USB_DEVICE/App/usbd_cdc_if.c:498:10:CDC_TXQueue_GetWriteAvailable	8	static
../USB_DEVICE/App/usbd_cdc_if.c:510:10:CDC_RXQueue_GetReadAvailable	4	static,ignoring_inline_asm
../USB_DEVICE/App/usbd_cdc_if.c:525:10:CDC_RXQueue_GetWriteAvailable	8	static
../USB_DEVICE/App/usbd_cdc_if.c:538:9:CDC_TXQueue_Enqueue	40	static,ignoring_inline_asm
../USB_DEVICE/App/usbd_cdc_if.c:574:9:CDC_RXQueue_Enqueue	40	static,ignoring_inline_asm
../USB_DEVICE/App/usbd_cdc_if.c:614:16:CDC_TXQueue_Dequeue	40	static,ignoring_inline_asm
../USB_DEVICE/App/usbd_cdc_if.c:655:10:CDC_RXQueue_Dequeue	48	static,ignoring_inline_asm
../USB_DEVICE/App/usbd_cdc_if.c:694:9:CDC_IsBusy	16	static
../USB_DEVICE/App/usbd_cdc_if.c:707:10:CDC_GetDroppedTxPackets	4	static,ignoring_inline_asm
../USB_DEVICE/App/usbd_cdc_if.c:719:10:CDC_GetDroppedRxPackets	4	static,ignoring_inline_asm
../USB_DEVICE/App/usbd_cdc_if.c:731:6:CDC_ResetDroppedTxPackets	4	static,ignoring_inline_asm
../USB_DEVICE/App/usbd_cdc_if.c:744:6:CDC_ResetDroppedRxPackets	4	static,ignoring_inline_asm
../USB_DEVICE/App/usbd_cdc_if.c:759:10:CDC_GetLastTransmitStartTick	4	static
../USB_DEVICE/App/usbd_cdc_if.c:771:10:CDC_GetLastTransmitCompleteTick	4	static,ignoring_inline_asm
../USB_DEVICE/App/usbd_cdc_if.c:789:9:CDC_IsComportOpen	4	static,ignoring_inline_asm
../USB_DEVICE/App/usbd_cdc_if.c:806:16:CDC_DataReceivedHandler	16	static
