/Applications/STM32CubeIDE.app/Contents/Eclipse/plugins/com.st.stm32cube.ide.mcu.externaltools.gnu-tools-for-stm32.11.3.rel1.macos64_1.1.1.202309131626/tools/arm-none-eabi/include/c++/11.3.1/arm-none-eabi/thumb/v7e-m+fp/hard/bits/gthr-default.h:229:1:int __gthread_key_delete(__gthread_key_t)	16	static
/Applications/STM32CubeIDE.app/Contents/Eclipse/plugins/com.st.stm32cube.ide.mcu.externaltools.gnu-tools-for-stm32.11.3.rel1.macos64_1.1.1.202309131626/tools/arm-none-eabi/include/c++/11.3.1/bits/ios_base.h:83:3:constexpr std::_Ios_Fmtflags std::operator&(std::_Ios_Fmtflags, std::_Ios_Fmtflags)	16	static
/Applications/STM32CubeIDE.app/Contents/Eclipse/plugins/com.st.stm32cube.ide.mcu.externaltools.gnu-tools-for-stm32.11.3.rel1.macos64_1.1.1.202309131626/tools/arm-none-eabi/include/c++/11.3.1/bits/ios_base.h:87:3:constexpr std::_Ios_Fmtflags std::operator|(std::_Ios_Fmtflags, std::_Ios_Fmtflags)	16	static
/Applications/STM32CubeIDE.app/Contents/Eclipse/plugins/com.st.stm32cube.ide.mcu.externaltools.gnu-tools-for-stm32.11.3.rel1.macos64_1.1.1.202309131626/tools/arm-none-eabi/include/c++/11.3.1/bits/ios_base.h:95:3:constexpr std::_Ios_Fmtflags std::operator~(std::_Ios_Fmtflags)	16	static
/Applications/STM32CubeIDE.app/Contents/Eclipse/plugins/com.st.stm32cube.ide.mcu.externaltools.gnu-tools-for-stm32.11.3.rel1.macos64_1.1.1.202309131626/tools/arm-none-eabi/include/c++/11.3.1/bits/ios_base.h:99:3:const std::_Ios_Fmtflags& std::operator|=(std::_Ios_Fmtflags&, std::_Ios_Fmtflags)	16	static
/Applications/STM32CubeIDE.app/Contents/Eclipse/plugins/com.st.stm32cube.ide.mcu.externaltools.gnu-tools-for-stm32.11.3.rel1.macos64_1.1.1.202309131626/tools/arm-none-eabi/include/c++/11.3.1/bits/ios_base.h:103:3:const std::_Ios_Fmtflags& std::operator&=(std::_Ios_Fmtflags&, std::_Ios_Fmtflags)	16	static
/Applications/STM32CubeIDE.app/Contents/Eclipse/plugins/com.st.stm32cube.ide.mcu.externaltools.gnu-tools-for-stm32.11.3.rel1.macos64_1.1.1.202309131626/tools/arm-none-eabi/include/c++/11.3.1/bits/ios_base.h:693:5:std::ios_base::fmtflags std::ios_base::setf(std::ios_base::fmtflags, std::ios_base::fmtflags)	32	static
/Applications/STM32CubeIDE.app/Contents/Eclipse/plugins/com.st.stm32cube.ide.mcu.externaltools.gnu-tools-for-stm32.11.3.rel1.macos64_1.1.1.202309131626/tools/arm-none-eabi/include/c++/11.3.1/bits/ios_base.h:1054:3:std::ios_base& std::hex(std::ios_base&)	16	static
../Core/Src/crc8.cpp:4:9:uint8_t calculateCRC8(const std::vector<unsigned char>&)	40	static
../Core/Src/crc8.cpp:21:5:int test()	48	static
/Applications/STM32CubeIDE.app/Contents/Eclipse/plugins/com.st.stm32cube.ide.mcu.externaltools.gnu-tools-for-stm32.11.3.rel1.macos64_1.1.1.202309131626/tools/arm-none-eabi/include/c++/11.3.1/bits/stl_vector.h:820:7:std::vector<_Tp, _Alloc>::const_iterator std::vector<_Tp, _Alloc>::begin() const [with _Tp = unsigned char; _Alloc = std::allocator<unsigned char>]	24	static
/Applications/STM32CubeIDE.app/Contents/Eclipse/plugins/com.st.stm32cube.ide.mcu.externaltools.gnu-tools-for-stm32.11.3.rel1.macos64_1.1.1.202309131626/tools/arm-none-eabi/include/c++/11.3.1/bits/stl_vector.h:838:7:std::vector<_Tp, _Alloc>::const_iterator std::vector<_Tp, _Alloc>::end() const [with _Tp = unsigned char; _Alloc = std::allocator<unsigned char>]	24	static
/Applications/STM32CubeIDE.app/Contents/Eclipse/plugins/com.st.stm32cube.ide.mcu.externaltools.gnu-tools-for-stm32.11.3.rel1.macos64_1.1.1.202309131626/tools/arm-none-eabi/include/c++/11.3.1/bits/stl_iterator.h:1178:5:bool __gnu_cxx::operator!=(const __gnu_cxx::__normal_iterator<_Iterator, _Container>&, const __gnu_cxx::__normal_iterator<_Iterator, _Container>&) [with _Iterator = const unsigned char*; _Container = std::vector<unsigned char>]	24	static
/Applications/STM32CubeIDE.app/Contents/Eclipse/plugins/com.st.stm32cube.ide.mcu.externaltools.gnu-tools-for-stm32.11.3.rel1.macos64_1.1.1.202309131626/tools/arm-none-eabi/include/c++/11.3.1/bits/stl_iterator.h:1051:7:__gnu_cxx::__normal_iterator<_Iterator, _Container>& __gnu_cxx::__normal_iterator<_Iterator, _Container>::operator++() [with _Iterator = const unsigned char*; _Container = std::vector<unsigned char>]	16	static
/Applications/STM32CubeIDE.app/Contents/Eclipse/plugins/com.st.stm32cube.ide.mcu.externaltools.gnu-tools-for-stm32.11.3.rel1.macos64_1.1.1.202309131626/tools/arm-none-eabi/include/c++/11.3.1/bits/stl_iterator.h:1041:7:__gnu_cxx::__normal_iterator<_Iterator, _Container>::reference __gnu_cxx::__normal_iterator<_Iterator, _Container>::operator*() const [with _Iterator = const unsigned char*; _Container = std::vector<unsigned char>]	16	static
/Applications/STM32CubeIDE.app/Contents/Eclipse/plugins/com.st.stm32cube.ide.mcu.externaltools.gnu-tools-for-stm32.11.3.rel1.macos64_1.1.1.202309131626/tools/arm-none-eabi/include/c++/11.3.1/bits/allocator.h:156:7:std::allocator< <template-parameter-1-1> >::allocator() [with _Tp = unsigned char]	16	static
/Applications/STM32CubeIDE.app/Contents/Eclipse/plugins/com.st.stm32cube.ide.mcu.externaltools.gnu-tools-for-stm32.11.3.rel1.macos64_1.1.1.202309131626/tools/arm-none-eabi/include/c++/11.3.1/bits/allocator.h:174:7:std::allocator< <template-parameter-1-1> >::~allocator() [with _Tp = unsigned char]	16	static
/Applications/STM32CubeIDE.app/Contents/Eclipse/plugins/com.st.stm32cube.ide.mcu.externaltools.gnu-tools-for-stm32.11.3.rel1.macos64_1.1.1.202309131626/tools/arm-none-eabi/include/c++/11.3.1/bits/stl_vector.h:625:7:std::vector<_Tp, _Alloc>::vector(std::initializer_list<_Tp>, const allocator_type&) [with _Tp = unsigned char; _Alloc = std::allocator<unsigned char>]	40	static
/Applications/STM32CubeIDE.app/Contents/Eclipse/plugins/com.st.stm32cube.ide.mcu.externaltools.gnu-tools-for-stm32.11.3.rel1.macos64_1.1.1.202309131626/tools/arm-none-eabi/include/c++/11.3.1/bits/stl_vector.h:678:7:std::vector<_Tp, _Alloc>::~vector() [with _Tp = unsigned char; _Alloc = std::allocator<unsigned char>]	24	static
/Applications/STM32CubeIDE.app/Contents/Eclipse/plugins/com.st.stm32cube.ide.mcu.externaltools.gnu-tools-for-stm32.11.3.rel1.macos64_1.1.1.202309131626/tools/arm-none-eabi/include/c++/11.3.1/bits/stl_iterator.h:1026:7:__gnu_cxx::__normal_iterator<_Iterator, _Container>::__normal_iterator(const _Iterator&) [with _Iterator = const unsigned char*; _Container = std::vector<unsigned char>]	16	static
/Applications/STM32CubeIDE.app/Contents/Eclipse/plugins/com.st.stm32cube.ide.mcu.externaltools.gnu-tools-for-stm32.11.3.rel1.macos64_1.1.1.202309131626/tools/arm-none-eabi/include/c++/11.3.1/bits/stl_iterator.h:1104:7:const _Iterator& __gnu_cxx::__normal_iterator<_Iterator, _Container>::base() const [with _Iterator = const unsigned char*; _Container = std::vector<unsigned char>]	16	static
/Applications/STM32CubeIDE.app/Contents/Eclipse/plugins/com.st.stm32cube.ide.mcu.externaltools.gnu-tools-for-stm32.11.3.rel1.macos64_1.1.1.202309131626/tools/arm-none-eabi/include/c++/11.3.1/ext/new_allocator.h:79:7:__gnu_cxx::new_allocator<_Tp>::new_allocator() [with _Tp = unsigned char]	16	static
/Applications/STM32CubeIDE.app/Contents/Eclipse/plugins/com.st.stm32cube.ide.mcu.externaltools.gnu-tools-for-stm32.11.3.rel1.macos64_1.1.1.202309131626/tools/arm-none-eabi/include/c++/11.3.1/ext/new_allocator.h:89:7:__gnu_cxx::new_allocator<_Tp>::~new_allocator() [with _Tp = unsigned char]	16	static
/Applications/STM32CubeIDE.app/Contents/Eclipse/plugins/com.st.stm32cube.ide.mcu.externaltools.gnu-tools-for-stm32.11.3.rel1.macos64_1.1.1.202309131626/tools/arm-none-eabi/include/c++/11.3.1/bits/stl_vector.h:128:14:std::_Vector_base<unsigned char, std::allocator<unsigned char> >::_Vector_impl::~_Vector_impl()	16	static
/Applications/STM32CubeIDE.app/Contents/Eclipse/plugins/com.st.stm32cube.ide.mcu.externaltools.gnu-tools-for-stm32.11.3.rel1.macos64_1.1.1.202309131626/tools/arm-none-eabi/include/c++/11.3.1/bits/stl_vector.h:293:7:std::_Vector_base<_Tp, _Alloc>::_Vector_base(const allocator_type&) [with _Tp = unsigned char; _Alloc = std::allocator<unsigned char>]	16	static
/Applications/STM32CubeIDE.app/Contents/Eclipse/plugins/com.st.stm32cube.ide.mcu.externaltools.gnu-tools-for-stm32.11.3.rel1.macos64_1.1.1.202309131626/tools/arm-none-eabi/include/c++/11.3.1/bits/stl_vector.h:333:7:std::_Vector_base<_Tp, _Alloc>::~_Vector_base() [with _Tp = unsigned char; _Alloc = std::allocator<unsigned char>]	16	static
/Applications/STM32CubeIDE.app/Contents/Eclipse/plugins/com.st.stm32cube.ide.mcu.externaltools.gnu-tools-for-stm32.11.3.rel1.macos64_1.1.1.202309131626/tools/arm-none-eabi/include/c++/11.3.1/initializer_list:75:7:constexpr const _E* std::initializer_list<_E>::begin() const [with _E = unsigned char]	16	static
/Applications/STM32CubeIDE.app/Contents/Eclipse/plugins/com.st.stm32cube.ide.mcu.externaltools.gnu-tools-for-stm32.11.3.rel1.macos64_1.1.1.202309131626/tools/arm-none-eabi/include/c++/11.3.1/initializer_list:79:7:constexpr const _E* std::initializer_list<_E>::end() const [with _E = unsigned char]	24	static
/Applications/STM32CubeIDE.app/Contents/Eclipse/plugins/com.st.stm32cube.ide.mcu.externaltools.gnu-tools-for-stm32.11.3.rel1.macos64_1.1.1.202309131626/tools/arm-none-eabi/include/c++/11.3.1/bits/stl_iterator_base_funcs.h:138:5:constexpr typename std::iterator_traits< <template-parameter-1-1> >::difference_type std::distance(_InputIterator, _InputIterator) [with _InputIterator = const unsigned char*]	24	static
/Applications/STM32CubeIDE.app/Contents/Eclipse/plugins/com.st.stm32cube.ide.mcu.externaltools.gnu-tools-for-stm32.11.3.rel1.macos64_1.1.1.202309131626/tools/arm-none-eabi/include/c++/11.3.1/bits/stl_vector.h:1577:2:void std::vector<_Tp, _Alloc>::_M_range_initialize(_ForwardIterator, _ForwardIterator, std::forward_iterator_tag) [with _ForwardIterator = const unsigned char*; _Tp = unsigned char; _Alloc = std::allocator<unsigned char>]	40	static
/Applications/STM32CubeIDE.app/Contents/Eclipse/plugins/com.st.stm32cube.ide.mcu.externaltools.gnu-tools-for-stm32.11.3.rel1.macos64_1.1.1.202309131626/tools/arm-none-eabi/include/c++/11.3.1/bits/stl_vector.h:276:7:std::_Vector_base<_Tp, _Alloc>::_Tp_alloc_type& std::_Vector_base<_Tp, _Alloc>::_M_get_Tp_allocator() [with _Tp = unsigned char; _Alloc = std::allocator<unsigned char>]	16	static
/Applications/STM32CubeIDE.app/Contents/Eclipse/plugins/com.st.stm32cube.ide.mcu.externaltools.gnu-tools-for-stm32.11.3.rel1.macos64_1.1.1.202309131626/tools/arm-none-eabi/include/c++/11.3.1/bits/alloc_traits.h:845:5:void std::_Destroy(_ForwardIterator, _ForwardIterator, std::allocator<_T2>&) [with _ForwardIterator = unsigned char*; _Tp = unsigned char]	24	static
/Applications/STM32CubeIDE.app/Contents/Eclipse/plugins/com.st.stm32cube.ide.mcu.externaltools.gnu-tools-for-stm32.11.3.rel1.macos64_1.1.1.202309131626/tools/arm-none-eabi/include/c++/11.3.1/bits/stl_vector.h:136:2:std::_Vector_base<_Tp, _Alloc>::_Vector_impl::_Vector_impl(const _Tp_alloc_type&) [with _Tp = unsigned char; _Alloc = std::allocator<unsigned char>]	16	static
/Applications/STM32CubeIDE.app/Contents/Eclipse/plugins/com.st.stm32cube.ide.mcu.externaltools.gnu-tools-for-stm32.11.3.rel1.macos64_1.1.1.202309131626/tools/arm-none-eabi/include/c++/11.3.1/bits/stl_vector.h:350:7:void std::_Vector_base<_Tp, _Alloc>::_M_deallocate(std::_Vector_base<_Tp, _Alloc>::pointer, std::size_t) [with _Tp = unsigned char; _Alloc = std::allocator<unsigned char>]	24	static
/Applications/STM32CubeIDE.app/Contents/Eclipse/plugins/com.st.stm32cube.ide.mcu.externaltools.gnu-tools-for-stm32.11.3.rel1.macos64_1.1.1.202309131626/tools/arm-none-eabi/include/c++/11.3.1/initializer_list:71:7:constexpr std::initializer_list<_E>::size_type std::initializer_list<_E>::size() const [with _E = unsigned char]	16	static
/Applications/STM32CubeIDE.app/Contents/Eclipse/plugins/com.st.stm32cube.ide.mcu.externaltools.gnu-tools-for-stm32.11.3.rel1.macos64_1.1.1.202309131626/tools/arm-none-eabi/include/c++/11.3.1/bits/stl_iterator_base_types.h:238:5:constexpr typename std::iterator_traits< <template-parameter-1-1> >::iterator_category std::__iterator_category(const _Iter&) [with _Iter = const unsigned char*]	16	static
/Applications/STM32CubeIDE.app/Contents/Eclipse/plugins/com.st.stm32cube.ide.mcu.externaltools.gnu-tools-for-stm32.11.3.rel1.macos64_1.1.1.202309131626/tools/arm-none-eabi/include/c++/11.3.1/bits/stl_iterator_base_funcs.h:98:5:constexpr typename std::iterator_traits< <template-parameter-1-1> >::difference_type std::__distance(_RandomAccessIterator, _RandomAccessIterator, std::random_access_iterator_tag) [with _RandomAccessIterator = const unsigned char*]	24	static
/Applications/STM32CubeIDE.app/Contents/Eclipse/plugins/com.st.stm32cube.ide.mcu.externaltools.gnu-tools-for-stm32.11.3.rel1.macos64_1.1.1.202309131626/tools/arm-none-eabi/include/c++/11.3.1/bits/stl_vector.h:1767:7:static std::vector<_Tp, _Alloc>::size_type std::vector<_Tp, _Alloc>::_S_check_init_len(std::vector<_Tp, _Alloc>::size_type, const allocator_type&) [with _Tp = unsigned char; _Alloc = std::allocator<unsigned char>]	32	static
/Applications/STM32CubeIDE.app/Contents/Eclipse/plugins/com.st.stm32cube.ide.mcu.externaltools.gnu-tools-for-stm32.11.3.rel1.macos64_1.1.1.202309131626/tools/arm-none-eabi/include/c++/11.3.1/bits/stl_vector.h:343:7:std::_Vector_base<_Tp, _Alloc>::pointer std::_Vector_base<_Tp, _Alloc>::_M_allocate(std::size_t) [with _Tp = unsigned char; _Alloc = std::allocator<unsigned char>]	16	static
/Applications/STM32CubeIDE.app/Contents/Eclipse/plugins/com.st.stm32cube.ide.mcu.externaltools.gnu-tools-for-stm32.11.3.rel1.macos64_1.1.1.202309131626/tools/arm-none-eabi/include/c++/11.3.1/bits/stl_uninitialized.h:331:5:_ForwardIterator std::__uninitialized_copy_a(_InputIterator, _InputIterator, _ForwardIterator, std::allocator<_Tp>&) [with _InputIterator = const unsigned char*; _ForwardIterator = unsigned char*; _Tp = unsigned char]	24	static
/Applications/STM32CubeIDE.app/Contents/Eclipse/plugins/com.st.stm32cube.ide.mcu.externaltools.gnu-tools-for-stm32.11.3.rel1.macos64_1.1.1.202309131626/tools/arm-none-eabi/include/c++/11.3.1/bits/stl_construct.h:182:5:void std::_Destroy(_ForwardIterator, _ForwardIterator) [with _ForwardIterator = unsigned char*]	16	static
/Applications/STM32CubeIDE.app/Contents/Eclipse/plugins/com.st.stm32cube.ide.mcu.externaltools.gnu-tools-for-stm32.11.3.rel1.macos64_1.1.1.202309131626/tools/arm-none-eabi/include/c++/11.3.1/bits/allocator.h:159:7:std::allocator< <template-parameter-1-1> >::allocator(const std::allocator< <template-parameter-1-1> >&) [with _Tp = unsigned char]	16	static
/Applications/STM32CubeIDE.app/Contents/Eclipse/plugins/com.st.stm32cube.ide.mcu.externaltools.gnu-tools-for-stm32.11.3.rel1.macos64_1.1.1.202309131626/tools/arm-none-eabi/include/c++/11.3.1/bits/stl_vector.h:97:2:std::_Vector_base<_Tp, _Alloc>::_Vector_impl_data::_Vector_impl_data() [with _Tp = unsigned char; _Alloc = std::allocator<unsigned char>]	16	static
/Applications/STM32CubeIDE.app/Contents/Eclipse/plugins/com.st.stm32cube.ide.mcu.externaltools.gnu-tools-for-stm32.11.3.rel1.macos64_1.1.1.202309131626/tools/arm-none-eabi/include/c++/11.3.1/bits/alloc_traits.h:495:7:static void std::allocator_traits<std::allocator<_CharT> >::deallocate(std::allocator_traits<std::allocator<_CharT> >::allocator_type&, std::allocator_traits<std::allocator<_CharT> >::pointer, std::allocator_traits<std::allocator<_CharT> >::size_type) [with _Tp = unsigned char]	24	static
/Applications/STM32CubeIDE.app/Contents/Eclipse/plugins/com.st.stm32cube.ide.mcu.externaltools.gnu-tools-for-stm32.11.3.rel1.macos64_1.1.1.202309131626/tools/arm-none-eabi/include/c++/11.3.1/bits/stl_vector.h:1776:7:static std::vector<_Tp, _Alloc>::size_type std::vector<_Tp, _Alloc>::_S_max_size(const _Tp_alloc_type&) [with _Tp = unsigned char; _Alloc = std::allocator<unsigned char>]	24	static
/Applications/STM32CubeIDE.app/Contents/Eclipse/plugins/com.st.stm32cube.ide.mcu.externaltools.gnu-tools-for-stm32.11.3.rel1.macos64_1.1.1.202309131626/tools/arm-none-eabi/include/c++/11.3.1/bits/alloc_traits.h:463:7:static _Tp* std::allocator_traits<std::allocator<_CharT> >::allocate(std::allocator_traits<std::allocator<_CharT> >::allocator_type&, std::allocator_traits<std::allocator<_CharT> >::size_type) [with _Tp = unsigned char]	16	static
/Applications/STM32CubeIDE.app/Contents/Eclipse/plugins/com.st.stm32cube.ide.mcu.externaltools.gnu-tools-for-stm32.11.3.rel1.macos64_1.1.1.202309131626/tools/arm-none-eabi/include/c++/11.3.1/bits/stl_uninitialized.h:126:5:_ForwardIterator std::uninitialized_copy(_InputIterator, _InputIterator, _ForwardIterator) [with _InputIterator = const unsigned char*; _ForwardIterator = unsigned char*]	32	static
/Applications/STM32CubeIDE.app/Contents/Eclipse/plugins/com.st.stm32cube.ide.mcu.externaltools.gnu-tools-for-stm32.11.3.rel1.macos64_1.1.1.202309131626/tools/arm-none-eabi/include/c++/11.3.1/bits/stl_construct.h:172:9:static void std::_Destroy_aux<true>::__destroy(_ForwardIterator, _ForwardIterator) [with _ForwardIterator = unsigned char*]	16	static
/Applications/STM32CubeIDE.app/Contents/Eclipse/plugins/com.st.stm32cube.ide.mcu.externaltools.gnu-tools-for-stm32.11.3.rel1.macos64_1.1.1.202309131626/tools/arm-none-eabi/include/c++/11.3.1/ext/new_allocator.h:82:7:__gnu_cxx::new_allocator<_Tp>::new_allocator(const __gnu_cxx::new_allocator<_Tp>&) [with _Tp = unsigned char]	16	static
/Applications/STM32CubeIDE.app/Contents/Eclipse/plugins/com.st.stm32cube.ide.mcu.externaltools.gnu-tools-for-stm32.11.3.rel1.macos64_1.1.1.202309131626/tools/arm-none-eabi/include/c++/11.3.1/ext/new_allocator.h:132:7:void __gnu_cxx::new_allocator<_Tp>::deallocate(_Tp*, __gnu_cxx::new_allocator<_Tp>::size_type) [with _Tp = unsigned char]	24	static
/Applications/STM32CubeIDE.app/Contents/Eclipse/plugins/com.st.stm32cube.ide.mcu.externaltools.gnu-tools-for-stm32.11.3.rel1.macos64_1.1.1.202309131626/tools/arm-none-eabi/include/c++/11.3.1/bits/alloc_traits.h:547:7:static std::allocator_traits<std::allocator<_CharT> >::size_type std::allocator_traits<std::allocator<_CharT> >::max_size(const allocator_type&) [with _Tp = unsigned char]	16	static
/Applications/STM32CubeIDE.app/Contents/Eclipse/plugins/com.st.stm32cube.ide.mcu.externaltools.gnu-tools-for-stm32.11.3.rel1.macos64_1.1.1.202309131626/tools/arm-none-eabi/include/c++/11.3.1/bits/stl_algobase.h:230:5:constexpr const _Tp& std::min(const _Tp&, const _Tp&) [with _Tp = unsigned int]	16	static
/Applications/STM32CubeIDE.app/Contents/Eclipse/plugins/com.st.stm32cube.ide.mcu.externaltools.gnu-tools-for-stm32.11.3.rel1.macos64_1.1.1.202309131626/tools/arm-none-eabi/include/c++/11.3.1/ext/new_allocator.h:197:7:constexpr __gnu_cxx::new_allocator<_Tp>::size_type __gnu_cxx::new_allocator<_Tp>::_M_max_size() const [with _Tp = unsigned char]	16	static
/Applications/STM32CubeIDE.app/Contents/Eclipse/plugins/com.st.stm32cube.ide.mcu.externaltools.gnu-tools-for-stm32.11.3.rel1.macos64_1.1.1.202309131626/tools/arm-none-eabi/include/c++/11.3.1/ext/new_allocator.h:103:7:_Tp* __gnu_cxx::new_allocator<_Tp>::allocate(__gnu_cxx::new_allocator<_Tp>::size_type, const void*) [with _Tp = unsigned char]	24	static
/Applications/STM32CubeIDE.app/Contents/Eclipse/plugins/com.st.stm32cube.ide.mcu.externaltools.gnu-tools-for-stm32.11.3.rel1.macos64_1.1.1.202309131626/tools/arm-none-eabi/include/c++/11.3.1/bits/stl_uninitialized.h:108:9:static _ForwardIterator std::__uninitialized_copy<true>::__uninit_copy(_InputIterator, _InputIterator, _ForwardIterator) [with _InputIterator = const unsigned char*; _ForwardIterator = unsigned char*]	24	static
/Applications/STM32CubeIDE.app/Contents/Eclipse/plugins/com.st.stm32cube.ide.mcu.externaltools.gnu-tools-for-stm32.11.3.rel1.macos64_1.1.1.202309131626/tools/arm-none-eabi/include/c++/11.3.1/ext/new_allocator.h:154:7:__gnu_cxx::new_allocator<_Tp>::size_type __gnu_cxx::new_allocator<_Tp>::max_size() const [with _Tp = unsigned char]	16	static
/Applications/STM32CubeIDE.app/Contents/Eclipse/plugins/com.st.stm32cube.ide.mcu.externaltools.gnu-tools-for-stm32.11.3.rel1.macos64_1.1.1.202309131626/tools/arm-none-eabi/include/c++/11.3.1/bits/stl_algobase.h:611:5:_OI std::copy(_II, _II, _OI) [with _II = const unsigned char*; _OI = unsigned char*]	32	static
/Applications/STM32CubeIDE.app/Contents/Eclipse/plugins/com.st.stm32cube.ide.mcu.externaltools.gnu-tools-for-stm32.11.3.rel1.macos64_1.1.1.202309131626/tools/arm-none-eabi/include/c++/11.3.1/bits/cpp_type_traits.h:560:5:_Iterator std::__miter_base(_Iterator) [with _Iterator = const unsigned char*]	16	static
/Applications/STM32CubeIDE.app/Contents/Eclipse/plugins/com.st.stm32cube.ide.mcu.externaltools.gnu-tools-for-stm32.11.3.rel1.macos64_1.1.1.202309131626/tools/arm-none-eabi/include/c++/11.3.1/bits/stl_algobase.h:527:5:_OI std::__copy_move_a(_II, _II, _OI) [with bool _IsMove = false; _II = const unsigned char*; _OI = unsigned char*]	32	static
/Applications/STM32CubeIDE.app/Contents/Eclipse/plugins/com.st.stm32cube.ide.mcu.externaltools.gnu-tools-for-stm32.11.3.rel1.macos64_1.1.1.202309131626/tools/arm-none-eabi/include/c++/11.3.1/bits/stl_algobase.h:313:5:_Iterator std::__niter_base(_Iterator) [with _Iterator = const unsigned char*]	16	static
/Applications/STM32CubeIDE.app/Contents/Eclipse/plugins/com.st.stm32cube.ide.mcu.externaltools.gnu-tools-for-stm32.11.3.rel1.macos64_1.1.1.202309131626/tools/arm-none-eabi/include/c++/11.3.1/bits/stl_algobase.h:313:5:_Iterator std::__niter_base(_Iterator) [with _Iterator = unsigned char*]	16	static
/Applications/STM32CubeIDE.app/Contents/Eclipse/plugins/com.st.stm32cube.ide.mcu.externaltools.gnu-tools-for-stm32.11.3.rel1.macos64_1.1.1.202309131626/tools/arm-none-eabi/include/c++/11.3.1/bits/stl_algobase.h:521:5:_OI std::__copy_move_a1(_II, _II, _OI) [with bool _IsMove = false; _II = const unsigned char*; _OI = unsigned char*]	24	static
/Applications/STM32CubeIDE.app/Contents/Eclipse/plugins/com.st.stm32cube.ide.mcu.externaltools.gnu-tools-for-stm32.11.3.rel1.macos64_1.1.1.202309131626/tools/arm-none-eabi/include/c++/11.3.1/bits/stl_algobase.h:335:5:_Iterator std::__niter_wrap(const _Iterator&, _Iterator) [with _Iterator = unsigned char*]	16	static
/Applications/STM32CubeIDE.app/Contents/Eclipse/plugins/com.st.stm32cube.ide.mcu.externaltools.gnu-tools-for-stm32.11.3.rel1.macos64_1.1.1.202309131626/tools/arm-none-eabi/include/c++/11.3.1/bits/stl_algobase.h:486:5:_OI std::__copy_move_a2(_II, _II, _OI) [with bool _IsMove = false; _II = const unsigned char*; _OI = unsigned char*]	24	static
/Applications/STM32CubeIDE.app/Contents/Eclipse/plugins/com.st.stm32cube.ide.mcu.externaltools.gnu-tools-for-stm32.11.3.rel1.macos64_1.1.1.202309131626/tools/arm-none-eabi/include/c++/11.3.1/bits/stl_algobase.h:420:2:static _Tp* std::__copy_move<_IsMove, true, std::random_access_iterator_tag>::__copy_m(const _Tp*, const _Tp*, _Tp*) [with _Tp = unsigned char; bool _IsMove = false]	32	static
../Core/Src/crc8.cpp:28:1:void __static_initialization_and_destruction_0(int, int)	16	static
../Core/Src/crc8.cpp:28:1:cpp)	8	static
../Core/Src/crc8.cpp:28:1:cpp)	8	static
